// Jest Snapshot v1, https://goo.gl/fbAQLP

exports[`<Cities/>:  should render correctly 1`] = `
<div
  className="cities"
>
  <div
    className="cities__places-container container"
  >
    <section
      className="cities__places places"
    >
      <h2
        className="visually-hidden"
      >
        Places
      </h2>
      <b
        className="places__found"
      >
        2
         places to stay in 
        Paris
      </b>
      <form
        action="#"
        className="places__sorting"
        method="get"
      >
        <span
          className="places__sorting-caption"
        >
          Sort by 
        </span>
        <span
          className="places__sorting-type"
          onClick={[Function]}
          tabIndex={0}
        >
          test
          <svg
            className="places__sorting-arrow"
            height="4"
            width="7"
          >
            <use
              xlinkHref="#icon-arrow-select"
            />
          </svg>
        </span>
        <ul
          className="places__options places__options--custom places__options--opened"
          onClick={[Function]}
        >
          <li
            className="places__option"
            data-sort="Popular"
            tabIndex={0}
          >
            Popular
          </li>
          <li
            className="places__option"
            data-sort="Price: low to high"
            tabIndex={0}
          >
            Price: low to high
          </li>
          <li
            className="places__option"
            data-sort="Price: high to low"
            tabIndex={0}
          >
            Price: high to low
          </li>
          <li
            className="places__option"
            data-sort="Top rated first"
            tabIndex={0}
          >
            Top rated first
          </li>
        </ul>
      </form>
      <div
        className="cities__places-list places__list tabs__content"
      >
        <article
          className="cities__place-card place-card"
          onMouseEnter={[Function]}
          onMouseLeave={[Function]}
        >
          
          <div
            className="cities__image-wrapper place-card__image-wrapper"
          >
            <a
              href="#"
            >
              <img
                alt="Place image"
                className="place-card__image"
                height="200"
                src="https://htmlacademy-react-3.appspot.com/six-cities/static/hotel/12.jpg"
                width="260"
              />
            </a>
          </div>
          <div
            className="place-card__info"
          >
            <div
              className="place-card__price-wrapper"
            >
              <div
                className="place-card__price"
              >
                <b
                  className="place-card__price-value"
                >
                  €
                  200
                </b>
                <span
                  className="place-card__price-text"
                >
                  / night
                </span>
              </div>
              <button
                className="place-card__bookmark-button button place-card__bookmark-button--active"
                onClick={[Function]}
                type="button"
              >
                <svg
                  className="place-card__bookmark-icon"
                  height="19"
                  width="18"
                >
                  <use
                    xlinkHref="#icon-bookmark"
                  />
                </svg>
                <span
                  className="visually-hidden"
                >
                  To bookmarks
                </span>
              </button>
            </div>
            <div
              className="place-card__rating rating"
            >
              <div
                className="place-card__stars rating__stars"
              >
                <span
                  style={
                    Object {
                      "width": "40%",
                    }
                  }
                >
                   
                </span>
                <span
                  className="visually-hidden"
                >
                  Rating
                </span>
              </div>
            </div>
            <h2
              className="place-card__name"
              onClick={[Function]}
            >
              <a
                href="/detail.html"
              >
                Beautiful & luxurious apartment at great location
              </a>
            </h2>
            <p
              className="place-card__type"
            >
              apartment
            </p>
          </div>
        </article>
        <article
          className="cities__place-card place-card"
          onMouseEnter={[Function]}
          onMouseLeave={[Function]}
        >
          
          <div
            className="cities__image-wrapper place-card__image-wrapper"
          >
            <a
              href="#"
            >
              <img
                alt="Place image"
                className="place-card__image"
                height="200"
                src="https://htmlacademy-react-3.appspot.com/six-cities/static/hotel/12.jpg"
                width="260"
              />
            </a>
          </div>
          <div
            className="place-card__info"
          >
            <div
              className="place-card__price-wrapper"
            >
              <div
                className="place-card__price"
              >
                <b
                  className="place-card__price-value"
                >
                  €
                  200
                </b>
                <span
                  className="place-card__price-text"
                >
                  / night
                </span>
              </div>
              <button
                className="place-card__bookmark-button button place-card__bookmark-button--active"
                onClick={[Function]}
                type="button"
              >
                <svg
                  className="place-card__bookmark-icon"
                  height="19"
                  width="18"
                >
                  <use
                    xlinkHref="#icon-bookmark"
                  />
                </svg>
                <span
                  className="visually-hidden"
                >
                  To bookmarks
                </span>
              </button>
            </div>
            <div
              className="place-card__rating rating"
            >
              <div
                className="place-card__stars rating__stars"
              >
                <span
                  style={
                    Object {
                      "width": "40%",
                    }
                  }
                >
                   
                </span>
                <span
                  className="visually-hidden"
                >
                  Rating
                </span>
              </div>
            </div>
            <h2
              className="place-card__name"
              onClick={[Function]}
            >
              <a
                href="/detail.html"
              >
                Beautiful & luxurious apartment at great location
              </a>
            </h2>
            <p
              className="place-card__type"
            >
              apartment
            </p>
          </div>
        </article>
      </div>
    </section>
    <div
      className="cities__right-section"
    >
      <section
        className="cities__map map"
        id="map"
      />
    </div>
  </div>
</div>
`;
