// Jest Snapshot v1, https://goo.gl/fbAQLP

exports[`<DetailMapContainer/>:  should render correctly 1`] = `
<section
  className="property__map map"
  id="map"
/>
`;
