// Jest Snapshot v1, https://goo.gl/fbAQLP

exports[`<withMap/>:  should render correctly 1`] = `
<section
  className="map"
  id="map"
/>
`;
