// Jest Snapshot v1, https://goo.gl/fbAQLP

exports[`<withActiveCoordinate/>:  should render correctly 1`] = `<div />`;
