// Jest Snapshot v1, https://goo.gl/fbAQLP

exports[`<Comment/>:  should render correctly 1`] = `
<li
  className="reviews__item"
>
  <div
    className="reviews__user user"
  >
    <div
      className="reviews__avatar-wrapper user__avatar-wrapper"
    >
      <img
        alt="Reviews avatar"
        className="reviews__avatar user__avatar"
        height="54"
        src="https://htmlacademy-react-3.appspot.com/six-cities/static/avatar/7.jpg"
        width="54"
      />
    </div>
    <span
      className="reviews__user-name"
    >
      Mollie
    </span>
  </div>
  <div
    className="reviews__info"
  >
    <div
      className="reviews__rating rating"
    >
      <div
        className="reviews__stars rating__stars"
      >
        <span
          style={
            Object {
              "width": "60%",
            }
          }
        />
        <span
          className="visually-hidden"
        >
          Rating
        </span>
      </div>
    </div>
    <p
      className="reviews__text"
    >
      We loved it so much, the house, the veiw, the location
    </p>
    <time
      className="reviews__time"
      dateTime="2020-02-13"
    >
      February 13 2020
    </time>
  </div>
</li>
`;
