// Jest Snapshot v1, https://goo.gl/fbAQLP

exports[`<withActive/>:  should render correctly 1`] = `<div />`;
