// Jest Snapshot v1, https://goo.gl/fbAQLP

exports[`<FavoritePlaceCard/>:  should render correctly 1`] = `
<article
  className="favorites__card place-card"
>
  <div
    className="favorites__image-wrapper place-card__image-wrapper"
  >
    <a
      className="preview-img"
      href="/details/333"
      onClick={[Function]}
    >
      <img
        alt="Place image"
        className="place-card__image"
        height="110"
        src="https://htmlacademy-react-3.appspot.com/six-cities/static/hotel/12.jpg"
        width="150"
      />
    </a>
  </div>
  <div
    className="favorites__card-info place-card__info"
  >
    <div
      className="place-card__price-wrapper"
    >
      <div
        className="place-card__price"
      >
        <b
          className="place-card__price-value"
        >
          €
          200
        </b>
        <span
          className="place-card__price-text"
        >
          / night
        </span>
      </div>
      <button
        className="place-card__bookmark-button place-card__bookmark-button--active button"
        onClick={[Function]}
        type="button"
      >
        <svg
          className="place-card__bookmark-icon"
          height="19"
          width="18"
        >
          <use
            xlinkHref="#icon-bookmark"
          />
        </svg>
        <span
          className="visually-hidden"
        >
          In bookmarks
        </span>
      </button>
    </div>
    <div
      className="place-card__rating rating"
    >
      <div
        className="place-card__stars rating__stars"
      >
        <span
          className="visually-hidden"
        >
          Rating
        </span>
        <span
          style={
            Object {
              "width": "40%",
            }
          }
        />
      </div>
    </div>
    <h2
      className="place-card__name"
    >
      <a
        className="preview-img"
        href="/details/333"
        onClick={[Function]}
      >
        Beautiful & luxurious apartment at great location
      </a>
    </h2>
    <p
      className="place-card__type"
    >
      apartment
    </p>
  </div>
</article>
`;
