// Jest Snapshot v1, https://goo.gl/fbAQLP

exports[`<Location/>:  should render 1`] = `
<div
  className="tabs"
>
  <section
    className="locations container"
  >
    <ul
      className="locations__list tabs__list"
      onClick={[Function]}
    >
      <li
        className="locations__item"
      >
        <a
          className="locations__item-link tabs__item tabs__item tabs__item--active"
          href="/city/Paris"
        >
          <span>
            Paris
          </span>
        </a>
      </li>
      <li
        className="locations__item"
      >
        <a
          className="locations__item-link tabs__item"
          href="/city/Brussels"
        >
          <span>
            Brussels
          </span>
        </a>
      </li>
      <li
        className="locations__item"
      >
        <a
          className="locations__item-link tabs__item"
          href="/city/Hamburg"
        >
          <span>
            Hamburg
          </span>
        </a>
      </li>
      <li
        className="locations__item"
      >
        <a
          className="locations__item-link tabs__item"
          href="/city/Amsterdam"
        >
          <span>
            Amsterdam
          </span>
        </a>
      </li>
      <li
        className="locations__item"
      >
        <a
          className="locations__item-link tabs__item"
          href="/city/Cologne"
        >
          <span>
            Cologne
          </span>
        </a>
      </li>
    </ul>
  </section>
</div>
`;
